// Jest Snapshot v1, https://goo.gl/fbAQLP

exports[`async "to" prop acts strangely without the "from" prop 1`] = `
Array [
  Object {
    "x": 1.0326794443028517,
  },
  Object {
    "x": 1.1012936337027077,
  },
  Object {
    "x": 1.1876657320498814,
  },
  Object {
    "x": 1.2801401452733328,
  },
  Object {
    "x": 1.3715121742243184,
  },
  Object {
    "x": 1.4575767171197955,
  },
  Object {
    "x": 1.5361170578451617,
  },
  Object {
    "x": 1.6062054680717361,
  },
  Object {
    "x": 1.6677238686547753,
  },
  Object {
    "x": 1.7210390692738162,
  },
  Object {
    "x": 1.7667859812257725,
  },
  Object {
    "x": 1.8057257371556243,
  },
  Object {
    "x": 1.8386553439187705,
  },
  Object {
    "x": 1.8663524183244127,
  },
  Object {
    "x": 1.8895434886465414,
  },
  Object {
    "x": 1.908887849332717,
  },
  Object {
    "x": 1.924971437373813,
  },
  Object {
    "x": 1.9383069480579156,
  },
  Object {
    "x": 1.9493376351533416,
  },
  Object {
    "x": 1.9584430966505435,
  },
  Object {
    "x": 1.9659459400886563,
  },
  Object {
    "x": 1.9721186285150805,
  },
  Object {
    "x": 1.9771900844749588,
  },
  Object {
    "x": 1.9813518144075553,
  },
  Object {
    "x": 1.984763437341402,
  },
  Object {
    "x": 1.9875575795666838,
  },
  Object {
    "x": 1.9898441449232573,
  },
  Object {
    "x": 1.9917139982178524,
  },
  Object {
    "x": 1.9932421138596101,
  },
  Object {
    "x": 1.994490247769977,
  },
  Object {
    "x": 1.9955091911941107,
  },
  Object {
    "x": 1.996340662391671,
  },
  Object {
    "x": 1.9970188877658095,
  },
  Object {
    "x": 1.9975719187485288,
  },
  Object {
    "x": 1.9980227253010303,
  },
  Object {
    "x": 1.998390101576788,
  },
  Object {
    "x": 1.9986894143427598,
  },
  Object {
    "x": 1.9989332202661931,
  },
  Object {
    "x": 2,
  },
]
`;

exports[`can animate a number 1`] = `
Array [
  Object {
    "x": 3.26794443028518,
  },
  Object {
    "x": 10.129363370270768,
  },
  Object {
    "x": 18.76657320498811,
  },
  Object {
    "x": 28.01401452733326,
  },
  Object {
    "x": 37.15121742243184,
  },
  Object {
    "x": 45.757671711979555,
  },
  Object {
    "x": 53.61170578451619,
  },
  Object {
    "x": 60.62054680717365,
  },
  Object {
    "x": 66.77238686547756,
  },
  Object {
    "x": 72.10390692738164,
  },
  Object {
    "x": 76.67859812257728,
  },
  Object {
    "x": 80.57257371556248,
  },
  Object {
    "x": 83.8655343918771,
  },
  Object {
    "x": 86.63524183244132,
  },
  Object {
    "x": 88.95434886465418,
  },
  Object {
    "x": 90.88878493327174,
  },
  Object {
    "x": 92.49714373738131,
  },
  Object {
    "x": 93.83069480579158,
  },
  Object {
    "x": 94.93376351533416,
  },
  Object {
    "x": 95.84430966505437,
  },
  Object {
    "x": 96.59459400886564,
  },
  Object {
    "x": 97.21186285150807,
  },
  Object {
    "x": 97.71900844749592,
  },
  Object {
    "x": 98.13518144075557,
  },
  Object {
    "x": 98.47634373414024,
  },
  Object {
    "x": 98.75575795666842,
  },
  Object {
    "x": 98.98441449232577,
  },
  Object {
    "x": 99.17139982178526,
  },
  Object {
    "x": 99.32421138596104,
  },
  Object {
    "x": 99.4490247769977,
  },
  Object {
    "x": 99.55091911941105,
  },
  Object {
    "x": 99.63406623916707,
  },
  Object {
    "x": 99.7018887765809,
  },
  Object {
    "x": 99.75719187485285,
  },
  Object {
    "x": 99.80227253010301,
  },
  Object {
    "x": 99.83901015767877,
  },
  Object {
    "x": 99.86894143427595,
  },
  Object {
    "x": 99.8933220266193,
  },
  Object {
    "x": 100,
  },
]
`;

exports[`can animate an array of numbers 1`] = `
Array [
  Object {
    "x": Array [
      1.1307177772114074,
      2.261435554422815,
    ],
  },
  Object {
    "x": Array [
      1.405174534810831,
      2.810349069621662,
    ],
  },
  Object {
    "x": Array [
      1.7506629281995245,
      3.501325856399049,
    ],
  },
  Object {
    "x": Array [
      2.12056058109333,
      4.24112116218666,
    ],
  },
  Object {
    "x": Array [
      2.486048696897273,
      4.972097393794546,
    ],
  },
  Object {
    "x": Array [
      2.8303068684791817,
      5.660613736958363,
    ],
  },
  Object {
    "x": Array [
      3.1444682313806473,
      6.288936462761295,
    ],
  },
  Object {
    "x": Array [
      3.424821872286946,
      6.849643744573892,
    ],
  },
  Object {
    "x": Array [
      3.6708954746191016,
      7.341790949238203,
    ],
  },
  Object {
    "x": Array [
      3.884156277095265,
      7.76831255419053,
    ],
  },
  Object {
    "x": Array [
      4.06714392490309,
      8.13428784980618,
    ],
  },
  Object {
    "x": Array [
      4.222902948622497,
      8.445805897244995,
    ],
  },
  Object {
    "x": Array [
      4.354621375675082,
      8.709242751350164,
    ],
  },
  Object {
    "x": Array [
      4.465409673297651,
      8.930819346595301,
    ],
  },
  Object {
    "x": Array [
      4.558173954586166,
      9.116347909172331,
    ],
  },
  Object {
    "x": Array [
      4.635551397330868,
      9.271102794661736,
    ],
  },
  Object {
    "x": Array [
      4.699885749495252,
      9.399771498990503,
    ],
  },
  Object {
    "x": Array [
      4.753227792231662,
      9.506455584463325,
    ],
  },
  Object {
    "x": Array [
      4.797350540613366,
      9.594701081226733,
    ],
  },
  Object {
    "x": Array [
      4.833772386602174,
      9.667544773204348,
    ],
  },
  Object {
    "x": Array [
      4.863783760354625,
      9.72756752070925,
    ],
  },
  Object {
    "x": Array [
      4.888474514060322,
      9.776949028120644,
    ],
  },
  Object {
    "x": Array [
      4.908760337899835,
      9.81752067579967,
    ],
  },
  Object {
    "x": Array [
      4.925407257630221,
      9.850814515260442,
    ],
  },
  Object {
    "x": Array [
      4.939053749365608,
      9.878107498731216,
    ],
  },
  Object {
    "x": Array [
      4.950230318266735,
      9.90046063653347,
    ],
  },
  Object {
    "x": Array [
      4.959376579693029,
      9.918753159386059,
    ],
  },
  Object {
    "x": Array [
      4.96685599287141,
      9.93371198574282,
    ],
  },
  Object {
    "x": Array [
      4.972968455438441,
      9.945936910876881,
    ],
  },
  Object {
    "x": Array [
      4.977960991079908,
      9.955921982159817,
    ],
  },
  Object {
    "x": Array [
      4.982036764776443,
      9.964073529552886,
    ],
  },
  Object {
    "x": Array [
      4.985362649566684,
      9.970725299133369,
    ],
  },
  Object {
    "x": Array [
      4.988075551063238,
      9.976151102126476,
    ],
  },
  Object {
    "x": Array [
      4.990287674994115,
      9.98057534998823,
    ],
  },
  Object {
    "x": Array [
      4.992090901204121,
      9.984181802408242,
    ],
  },
  Object {
    "x": Array [
      4.993560406307152,
      9.987120812614304,
    ],
  },
  Object {
    "x": Array [
      4.994757657371039,
      9.989515314742079,
    ],
  },
  Object {
    "x": Array [
      4.995171906309277,
      9.991465762129545,
    ],
  },
  Object {
    "x": Array [
      4.995171906309277,
      9.993054193518825,
    ],
  },
  Object {
    "x": Array [
      4.995171906309277,
      9.994347576276779,
    ],
  },
  Object {
    "x": Array [
      5,
      10,
    ],
  },
]
`;
